[INFO] Scanning for projects...
[INFO] ------------------------------------------------------------------------
[INFO] Reactor Build Order:
[INFO] 
[INFO] xf-parent                                                          [pom]
[INFO] xf-base                                                            [jar]
[INFO] xf-admin                                                           [jar]
[INFO] 
[INFO] ---------------------< com.xfexpress:sinfor-admin >---------------------
[INFO] Building xf-parent 3.0.0                                           [1/3]
[INFO] --------------------------------[ pom ]---------------------------------
[INFO] 
[INFO] >>> spring-boot-maven-plugin:3.5.4:run (default-cli) > test-compile @ sinfor-admin >>>
[INFO] 
[INFO] <<< spring-boot-maven-plugin:3.5.4:run (default-cli) < test-compile @ sinfor-admin <<<
[INFO] 
[INFO] 
[INFO] --- spring-boot-maven-plugin:3.5.4:run (default-cli) @ sinfor-admin ---
[INFO] ------------------------------------------------------------------------
[INFO] Reactor Summary for xf-parent 3.0.0:
[INFO] 
[INFO] xf-parent .......................................... FAILURE [  0.327 s]
[INFO] xf-base ............................................ SKIPPED
[INFO] xf-admin ........................................... SKIPPED
[INFO] ------------------------------------------------------------------------
[INFO] BUILD FAILURE
[INFO] ------------------------------------------------------------------------
[INFO] Total time:  0.558 s
[INFO] Finished at: 2026-04-28T17:21:03+08:00
[INFO] ------------------------------------------------------------------------
[ERROR] Failed to execute goal org.springframework.boot:spring-boot-maven-plugin:3.5.4:run (default-cli) on project sinfor-admin: Unable to find a suitable main class, please add a 'mainClass' property -> [Help 1]
[ERROR] 
[ERROR] To see the full stack trace of the errors, re-run Maven with the -e switch.
[ERROR] Re-run Maven using the -X switch to enable full debug logging.
[ERROR] 
[ERROR] For more information about the errors and possible solutions, please read the following articles:
[ERROR] [Help 1] http://cwiki.apache.org/confluence/display/MAVEN/MojoExecutionException
